ets Jul 29 2019 12:21:46

rst:0x1 (POWERON_RESET),boot:0x13 (SPI_FAST_FLASH_BOOT)
configsip: 0, SPIWP:0xee
clk_drv:0x00,q_drv:0x00,d_drv:0x00,cs0_drv:0x00,hd_drv:0x00,wp_drv:0x00
mode:DIO, clock div:2
load:0x3fff0030,len:7080
load:0x40078000,len:15584
load:0x40080400,len:4
ho 8 tail 4 room 4
load:0x40080404,len:3876
entry 0x4008064c
[0;32mI (31) boot: ESP-IDF v5.1.2 2nd stage bootloader[0m
[0;32mI (31) boot: compile time Mar 28 2026 17:42:08[0m
[0;32mI (31) boot: Multicore bootloader[0m
[0;32mI (35) boot: chip revision: v3.1[0m
[0;32mI (39) boot.esp32: SPI Speed      : 40MHz[0m
[0;32mI (44) boot.esp32: SPI Mode       : DIO[0m
[0;32mI (48) boot.esp32: SPI Flash Size : 2MB[0m
[0;32mI (53) boot: Enabling RNG early entropy source...[0m
[0;32mI (58) boot: Partition Table:[0m
[0;32mI (62) boot: ## Label            Usage          Type ST Offset   Length[0m
[0;32mI (69) boot:  0 nvs              WiFi data        01 02 00009000 00006000[0m
[0;32mI (77) boot:  1 phy_init         RF data          01 01 0000f000 00001000[0m
[0;32mI (84) boot:  2 factory          factory app      00 00 00010000 00100000[0m
[0;32mI (92) boot: End of partition table[0m
[0;32mI (96) esp_image: segment 0: paddr=00010020 vaddr=3f400020 size=1f8fch (129276) map[0m
[0;32mI (151) esp_image: segment 1: paddr=0002f924 vaddr=3ffb0000 size=006f4h (  1780) load[0m
[0;32mI (152) esp_image: segment 2: paddr=00030020 vaddr=400d0020 size=81ddch (531932) map[0m
[0;32mI (349) esp_image: segment 3: paddr=000b1e04 vaddr=3ffb06f4 size=03388h ( 13192) load[0m
[0;32mI (354) esp_image: segment 4: paddr=000b5194 vaddr=40080000 size=15c3ch ( 89148) load[0m
[0;32mI (402) boot: Loaded app from partition at offset 0x10000[0m
[0;32mI (403) boot: Disabling RNG early entropy source...[0m
[0;32mI (414) cpu_start: Multicore app[0m
[0;32mI (414) cpu_start: Pro cpu up.[0m
[0;32mI (415) cpu_start: Starting app cpu, entry point is 0x40081390[0m
[0;32mI (0) cpu_start: App cpu up.[0m
[0;32mI (432) cpu_start: Pro cpu start user code[0m
[0;32mI (432) cpu_start: cpu freq: 160000000 Hz[0m
[0;32mI (432) cpu_start: Application information:[0m
[0;32mI (437) cpu_start: Project name:     wifi_station[0m
[0;32mI (442) cpu_start: App version:      f45ff96f-dirty[0m
[0;32mI (448) cpu_start: Compile time:     Mar 28 2026 17:42:01[0m
[0;32mI (454) cpu_start: ELF file SHA256:  6bae168d9385d516...[0m
[0;32mI (460) cpu_start: ESP-IDF:          v5.1.2[0m
[0;32mI (465) cpu_start: Min chip rev:     v0.0[0m
[0;32mI (470) cpu_start: Max chip rev:     v3.99 [0m
[0;32mI (475) cpu_start: Chip rev:         v3.1[0m
[0;32mI (479) heap_init: Initializing. RAM available for dynamic allocation:[0m
[0;32mI (487) heap_init: At 3FFAE6E0 len 00001920 (6 KiB): DRAM[0m
[0;32mI (493) heap_init: At 3FFB7B20 len 000284E0 (161 KiB): DRAM[0m
[0;32mI (499) heap_init: At 3FFE0440 len 00003AE0 (14 KiB): D/IRAM[0m
[0;32mI (505) heap_init: At 3FFE4350 len 0001BCB0 (111 KiB): D/IRAM[0m
[0;32mI (512) heap_init: At 40095C3C len 0000A3C4 (40 KiB): IRAM[0m
[0;32mI (519) spi_flash: detected chip: generic[0m
[0;32mI (522) spi_flash: flash io: dio[0m
[0;33mW (526) spi_flash: Detected size(8192k) larger than the size in the binary image header(2048k). Using the size in the binary image header.[0m
[0;32mI (540) app_start: Starting scheduler on CPU0[0m
[0;32mI (545) app_start: Starting scheduler on CPU1[0m
[0;32mI (545) main_task: Started on CPU0[0m
[0;32mI (555) main_task: Calling app_main()[0m
[0;32mI (585) main: Initializing WiFi...[0m
[0;32mI (605) wifi:wifi driver task: 3ffbfa94, prio:23, stack:6656, core=0[0m
[0;32mI (615) wifi:wifi firmware version: 91b9630[0m
[0;32mI (615) wifi:wifi certification version: v7.0[0m
[0;32mI (615) wifi:config NVS flash: enabled[0m
[0;32mI (615) wifi:config nano formating: disabled[0m
[0;32mI (625) wifi:Init data frame dynamic rx buffer num: 32[0m
[0;32mI (625) wifi:Init static rx mgmt buffer num: 5[0m
[0;32mI (635) wifi:Init management short buffer num: 32[0m
[0;32mI (635) wifi:Init dynamic tx buffer num: 32[0m
[0;32mI (645) wifi:Init static rx buffer size: 1600[0m
[0;32mI (645) wifi:Init static rx buffer num: 10[0m
[0;32mI (645) wifi:Init dynamic rx buffer num: 32[0m
[0;32mI (655) wifi_init: rx ba win: 6[0m
[0;32mI (655) wifi_init: tcpip mbox: 32[0m
[0;32mI (665) wifi_init: udp mbox: 6[0m
[0;32mI (665) wifi_init: tcp mbox: 6[0m
[0;32mI (665) wifi_init: tcp tx win: 5744[0m
[0;32mI (675) wifi_init: tcp rx win: 5744[0m
[0;32mI (675) wifi_init: tcp mss: 1440[0m
[0;32mI (675) wifi_init: WiFi IRAM OP enabled[0m
[0;32mI (685) wifi_init: WiFi RX IRAM OP enabled[0m
[0;32mI (695) phy_init: phy_version 4780,16b31a7,Sep 22 2023,20:42:16[0m
[0;32mI (775) wifi:mode : sta (20:e7:c8:b2:63:9c)[0m
[0;32mI (775) wifi:enable tsf[0m
[0;32mI (775) hl_wifi: wifi_init_sta finished.[0m
[0;32mI (785) wifi:new:<6,0>, old:<1,0>, ap:<255,255>, sta:<6,0>, prof:1[0m
[0;32mI (795) wifi:state: init -> auth (b0)[0m
[0;32mI (795) wifi:state: auth -> assoc (0)[0m
[0;32mI (805) wifi:state: assoc -> run (10)[0m
[0;32mI (885) wifi:connected with iPhone Artem, aid = 1, channel 6, BW20, bssid = 2e:71:87:00:f0:69[0m
[0;32mI (885) wifi:security: WPA2-PSK, phy: bgn, rssi: -41[0m
[0;32mI (895) wifi:pm start, type: 1[0m

[0;32mI (925) wifi:AP's beacon interval = 102400 us, DTIM period = 1[0m
[0;32mI (1895) esp_netif_handlers: sta ip: 172.20.10.2, mask: 255.255.255.240, gw: 172.20.10.1[0m
[0;32mI (1895) hl_wifi: got ip:172.20.10.2[0m
[0;32mI (1895) main: WiFi connected! Starting TaskCount...[0m
[0;32mI (1905) hl_wifi: connected to ap SSID:iPhone Artem[0m
[0;32mI (1905) hl_wifi: Socket created[0m
[0;32mI (1915) main_task: Returned from app_main()[0m
[0;32mI (1915) wifi:<ba-add>idx:0 (ifx:0, 2e:71:87:00:f0:69), tid:0, ssn:2, winSize:64[0m
[0;32mI (1935) hl_wifi: Successfully connected[0m
[0;32mI (1935) main: Sent: 1[0m
[0;32mI (2935) main: Sent: 2[0m
[0;32mI (3935) main: Sent: 3[0m
[0;32mI (4935) main: Sent: 4[0m
[0;32mI (5935) main: Sent: 5[0m
[0;32mI (6935) main: Sent: 6[0m
[0;32mI (7935) main: Sent: 7[0m
[0;32mI (8935) main: Sent: 8[0m
[0;32mI (9935) main: Sent: 9[0m
[0;32mI (10935) main: Sent: 10[0m
[0;32mI (11935) main: Sent: 11[0m
[0;32mI (12935) main: Sent: 12[0m
[0;32mI (13935) main: Sent: 13[0m
[0;32mI (14935) main: Sent: 14[0m
[0;32mI (15935) main: Sent: 15[0m
[0;32mI (16935) main: Sent: 16[0m
[0;32mI (17935) main: Sent: 17[0m
[0;32mI (18935) main: Sent: 18[0m
[0;32mI (19935) main: Sent: 19[0m
[0;32mI (20935) main: Sent: 20[0m
[0;32mI (21935) main: Sent: 21[0m
[0;32mI (22935) main: Sent: 22[0m
[0;32mI (23935) main: Sent: 23[0m
[0;32mI (24935) main: Sent: 24[0m
[0;32mI (25935) main: Sent: 25[0m
[0;32mI (26935) main: Sent: 26[0m
[0;32mI (27935) main: Sent: 27[0m
[0;32mI (28935) main: Sent: 28[0m
[0;32mI (29935) main: Sent: 29[0m
[0;32mI (30935) main: Sent: 30[0m
[0;32mI (31935) main: Sent: 31[0m
[0;32mI (32935) main: Sent: 32[0m
[0;32mI (33935) main: Sent: 33[0m
[0;32mI (34935) main: Sent: 34[0m
[0;32mI (35935) main: Sent: 35[0m
[0;32mI (36935) main: Sent: 36[0m
[0;32mI (37935) main: Sent: 37[0m
[0;32mI (38935) main: Sent: 38[0m
[0;32mI (39935) main: Sent: 39[0m
[0;32mI (40935) main: Sent: 40[0m
[0;32mI (41935) main: Sent: 41[0m
[0;32mI (42935) main: Sent: 42[0m
[0;32mI (43935) main: Sent: 43[0m
[0;32mI (44935) main: Sent: 44[0m
[0;32mI (45935) main: Sent: 45[0m
[0;32mI (46935) main: Sent: 46[0m
[0;32mI (47935) main: Sent: 47[0m
[0;32mI (48935) main: Sent: 48[0m
[0;32mI (49935) main: Sent: 49[0m
[0;32mI (50935) main: Sent: 50[0m
[0;32mI (51935) main: Sent: 51[0m
[0;32mI (52935) main: Sent: 52[0m
[0;32mI (53935) main: Sent: 53[0m
[0;32mI (54935) main: Sent: 54[0m
[0;32mI (55935) main: Sent: 55[0m
[0;32mI (56935) main: Sent: 56[0m
[0;32mI (57935) main: Sent: 57[0m
[0;32mI (58935) main: Sent: 58[0m
[0;32mI (59935) m