ets Jul 29 2019 12:21:46

rst:0x1 (POWERON_RESET),boot:0x13 (SPI_FAST_FLASH_BOOT)
configsip: 0, SPIWP:0xee
clk_drv:0x00,q_drv:0x00,d_drv:0x00,cs0_drv:0x00,hd_drv:0x00,wp_drv:0x00
mode:DIO, clock div:2
load:0x3fff0030,len:7080
load:0x40078000,len:15584
load:0x40080400,len:4
ho 8 tail 4 room 4
load:0x40080404,len:3876
entry 0x4008064c
[0;32mI (31) boot: ESP-IDF v5.1.2 2nd stage bootloader[0m
[0;32mI (31) boot: compile time Mar 17 2026 17:21:02[0m
[0;32mI (31) boot: Multicore bootloader[0m
[0;32mI (35) boot: chip revision: v3.1[0m
[0;32mI (39) boot.esp32: SPI Speed      : 40MHz[0m
[0;32mI (44) boot.esp32: SPI Mode       : DIO[0m
[0;32mI (48) boot.esp32: SPI Flash Size : 2MB[0m
[0;32mI (53) boot: Enabling RNG early entropy source...[0m
[0;32mI (58) boot: Partition Table:[0m
[0;32mI (62) boot: ## Label            Usage          Type ST Offset   Length[0m
[0;32mI (69) boot:  0 nvs              WiFi data        01 02 00009000 00006000[0m
[0;32mI (77) boot:  1 phy_init         RF data          01 01 0000f000 00001000[0m
[0;32mI (84) boot:  2 factory          factory app      00 00 00010000 00100000[0m
[0;32mI (92) boot: End of partition table[0m
[0;32mI (96) esp_image: segment 0: paddr=00010020 vaddr=3f400020 size=09948h ( 39240) map[0m
[0;32mI (118) esp_image: segment 1: paddr=00019970 vaddr=3ff80000 size=00004h (     4) load[0m
[0;32mI (119) esp_image: segment 2: paddr=0001997c vaddr=3ffb0000 size=02100h (  8448) load[0m
[0;32mI (128) esp_image: segment 3: paddr=0001ba84 vaddr=40080000 size=04594h ( 17812) load[0m
[0;32mI (140) esp_image: segment 4: paddr=00020020 vaddr=400d0020 size=14b7ch ( 84860) map[0m
[0;32mI (172) esp_image: segment 5: paddr=00034ba4 vaddr=40084594 size=07a68h ( 31336) load[0m
[0;32mI (191) boot: Loaded app from partition at offset 0x10000[0m
[0;32mI (191) boot: Disabling RNG early entropy source...[0m
[0;32mI (203) cpu_start: Multicore app[0m
[0;32mI (203) cpu_start: Pro cpu up.[0m
[0;32mI (203) cpu_start: Starting app cpu, entry point is 0x400810f0[0m
[0;32mI (0) cpu_start: App cpu up.[0m
[0;32mI (221) cpu_start: Pro cpu start user code[0m
[0;32mI (221) cpu_start: cpu freq: 160000000 Hz[0m
[0;32mI (221) cpu_start: Application information:[0m
[0;32mI (226) cpu_start: Project name:     potentiometer[0m
[0;32mI (231) cpu_start: App version:      87325c4-dirty[0m
[0;32mI (237) cpu_start: Compile time:     Mar 17 2026 17:20:55[0m
[0;32mI (243) cpu_start: ELF file SHA256:  352117dd10163ca2...[0m
[0;32mI (249) cpu_start: ESP-IDF:          v5.1.2[0m
[0;32mI (254) cpu_start: Min chip rev:     v0.0[0m
[0;32mI (258) cpu_start: Max chip rev:     v3.99 [0m
[0;32mI (263) cpu_start: Chip rev:         v3.1[0m
[0;32mI (268) heap_init: Initializing. RAM available for dynamic allocation:[0m
[0;32mI (275) heap_init: At 3FFAE6E0 len 00001920 (6 KiB): DRAM[0m
[0;32mI (281) heap_init: At 3FFB2998 len 0002D668 (181 KiB): DRAM[0m
[0;32mI (287) heap_init: At 3FFE0440 len 00003AE0 (14 KiB): D/IRAM[0m
[0;32mI (294) heap_init: At 3FFE4350 len 0001BCB0 (111 KiB): D/IRAM[0m
[0;32mI (300) heap_init: At 4008C000 len 00014000 (80 KiB): IRAM[0m
[0;32mI (308) spi_flash: detected chip: generic[0m
[0;32mI (311) spi_flash: flash io: dio[0m
[0;33mW (315) spi_flash: Detected size(8192k) larger than the size in the binary image header(2048k). Using the size in the binary image header.[0m
[0;32mI (329) app_start: Starting scheduler on CPU0[0m
[0;32mI (333) app_start: Starting scheduler on CPU1[0m
[0;32mI (333) main_task: Started on CPU0[0m
[0;32mI (343) main_task: Calling app_main()[0m
[0;32mI (343) POTENTIOMETER: ADC1 Channel 6 initialized (GPIO 34)[0m
1298
1294
1296
1296
1295
1296
1296
1296
1296
1296
1296
1298
1301
1299
1429
1431
1435
1571
1569
1584
1709
1712
1841
1845
1987
2003
2123
2259
2266
2386
2401
2642
2771
2942
3424
3645
4095
4095
4095
4095
4095
4095
4095
4095
4095
4095
3815
2897
2512
2378
2108
1821
1552
1284
1295
1293
1294
1295
1034
542
48
0
0
0
0
0
0
563
979
1299
1709
1993
1977
1975
1978
1976
1973
1961
1983
1974
1977
1971
1974
1974
1941
1998
1972
1975
1973
1973
1973
1976
1973
1973
1974
1974
1973
1971
1972
1976
1974
1976
1974
1973
1973
1975
1974
1973
1978
1975
1975
1972
1970
1968
1983
1984
1977
1971
1975
1977
2000
1978
1973
1973
1974
1971
1975
1974
1973
1977
1974
1974
1976
1978
1977
1971
1977
1973
1974
1971
1973
1973
1973
1973
1975
1984
1972
1974
1973
1968
1967
1975
1973
1974
1975
1971
1975
1973
1974
1974
1974
1973
1973
1973
1974
1971
1972
1974
1974
1972
1979
1975
1984
1977
1973
1977
1997
1967
1971
1975
1973
1974
1972
1971
1973
1974
1973
1975
1975
1975
1972
1977
1975
1977
1978
1977
1973
1971
1974
1975
1974
1957
1968
1975
1972
1974
1979
1971
1975
1975
1973
1973
1971
1971
1974
1973
1975
1975
1977
1973
1970
1982
1979
1973
1975
2001
1973
1974
1975
1974
1977
1974
1974
1972
1977
1973
1973
1977
1973
1971
1975
1970
1975
1974
1968
1971
1973
1975
1968
1970
1975
1973
1970
1971
1975
1974
1971
1973
1973
1973
1975
1975
1971
1973
1971
1973
1953
1973
1973
1975
1975
1969
1973
1972
1973
1973
1971
1975
1977
1975
1974
1974
1971
1971
1971
1979
1970
1971
1959
1977
1975
1971
1991
1975
1974
1974
1970
1975
1975
1971
1974
1971
1969
1978
1974
1980
1973
1976
1974
1974
1968
1977
1981
1979
1974
1981
1969
1978
1974
1973
1974
1971
1975
1974
1975
1971
1974
1969
1969
1973
1971
1973
1974
1975
1971
1973
1968
1978
1974
1974
2000
1973
1979
1975
1974
1978
1971
1975
1970
1973
1974
1974
1974
1977
1975
1974
1972
1973
1974
1970
1971
1970
1975
1973
1975
1974
1974
1973
1954
1973
2007
1975
1971
1973
1974
2000
1970
1977
1974
1976
1973
1975
1972
1977
1975
1973
1973
1975
1981
1973
1965
1973
1969
1975
1977
1969
1972
1968
1971
1975
1970
1975
1978
1971
1974
1973
1974
1969
1973
1972
1974
1973
1973
1969
1973
1975
1975
1974
1979
1973
1975
1968
1975
1973
1969
2013
1966
1970
1975
1973
1972
1971
1975
1973
1974
1975
1974
1971
1984
1972
1974
1973
1969
1971
1968
1975
1973
1955
1971
1973
1972
1975
1973
1977
1975
1974
1968
1974
1972
1973
1971
1973
1970
1974
1973
1975
1971
1975
1973
2009
1971
1971
1977
1973
1972
1970
1973
1975
1972
1969
1971
1974
1971
1973
1973
1973
1984
1975
1971
1974
1977
1975
1975
1974
1972
1961
1973
1977
1971
1975
1973
1971
1982
1973
1971
1975
1966
1969
1973
1971
1950
1969
1975
1971
1971
1972
1971
1973
1974
1973
1975
1973
1974
1977
1975
1971
1973
1976
1984
1971
1974
1981
1977
1974
1974
1971
1971
1970
1975
1973
1973
1975
1971
1974
1973
1971
1975
1972
1981
1984
1975
1971
1979
1959
1974
1973
1972
1977
1974
1973
1971
1973
1969
1975
1974
1973
1977
1974
1975
1970
1971
1971
1973
1975
1973
1972
1973
1975
1975
1970
1975
1974
1974
1972
1972
1973
1963
1975
1970
1975
1975
1958
1977
1971
1973
1977
1975
1975
1973
1974
1983
1973
1973
1977
1977
1975
1975
1975
1971
1970
1991
1975
1971
1973
1975
1974
1974
1973
1971
1975
1971
1970
1973
1974
1973
1973
1978
1974
1970
1977
1971
1968
1973
1975
1965
1985
1974
1971
1977
1973
1975
1975
1973
1973
1969
1974
2007
1977
1972
1974
1991
1975
1974
1975
1972
1974
1973
1972
1975
1974
1974
1974
1975
1973
1979
1977
1978
1978
1975
1978
1973
1971
1967
1974
1971
1973
1974
1970
1975
1973
1968
1977
1971
1973
1973
1973
1971
1978
1973
1970
1949
1971
1961
1973
1969
1974
1982
1975
1973
1969
1973
1979
1973
1973
1975
1975
1973
1973
1980
1971
1973
1973
1973
1978
1971
1973
1959
1978
1977
1974
1973
1973
1975
1972
1974
1973
1974
1971
1970
1972
1955
2005
1971
1978
1975
1975
1972
1971
1972
1974
1974
1974
1973
1971
1974
1974
1972
1977
1970
1973
1974
1970
1969
1969
1973
1974
1961
1974
1973
1973
1971
1975
1974
1975
1977
1969
1974
1979
1980
1975
1977
1977
1967
1973
1977
2000
1972
1975
1974
1973
1971
1971
1971
1971
1973
1977
1971
1974
1971
1975
1975
1974
1971
1973
1968
1983
1975
1972
1971
1985
1974
1973
1974
1975
1975
1974
1975
1970
1970
1947
1962
1975
1975
1971
1973
1971
1974
1970
1975
1973
1973
1973
1968
1975
1979
1977
1977
1977
1966
1961
1974
1951
1961
1975
1973
1974
1970
1973
1973
1972
1974
1969
1971
1974
1974
1971
1970
1983
1971
1975
1990
1973
1974
1977
1974
1971
1973
1974
1973
1974
1973
1973
1973
1974
1974
1970
1977
1984
1977
1968
1975
1973
1970
1984
1973
1972
1975
1971
1975
1973
1975
1973
1978
1979
1978
1971
1968
1973
