ets Jul 29 2019 12:21:46

rst:0x1 (POWERON_RESET),boot:0x13 (SPI_FAST_FLASH_BOOT)
configsip: 0, SPIWP:0xee
clk_drv:0x00,q_drv:0x00,d_drv:0x00,cs0_drv:0x00,hd_drv:0x00,wp_drv:0x00
mode:DIO, clock div:2
load:0x3fff0030,len:7080
load:0x40078000,len:15584
load:0x40080400,len:4
ho 8 tail 4 room 4
load:0x40080404,len:3876
entry 0x4008064c
[0;32mI (31) boot: ESP-IDF v5.1.2 2nd stage bootloader[0m
[0;32mI (31) boot: compile time Mar 26 2026 15:21:13[0m
[0;32mI (31) boot: Multicore bootloader[0m
[0;32mI (35) boot: chip revision: v3.1[0m
[0;32mI (39) boot.esp32: SPI Speed      : 40MHz[0m
[0;32mI (44) boot.esp32: SPI Mode       : DIO[0m
[0;32mI (48) boot.esp32: SPI Flash Size : 2MB[0m
[0;32mI (53) boot: Enabling RNG early entropy source...[0m
[0;32mI (58) boot: Partition Table:[0m
[0;32mI (62) boot: ## Label            Usage          Type ST Offset   Length[0m
[0;32mI (69) boot:  0 nvs              WiFi data        01 02 00009000 00006000[0m
[0;32mI (77) boot:  1 phy_init         RF data          01 01 0000f000 00001000[0m
[0;32mI (84) boot:  2 factory          factory app      00 00 00010000 00100000[0m
[0;32mI (92) boot: End of partition table[0m
[0;32mI (96) esp_image: segment 0: paddr=00010020 vaddr=3f400020 size=09918h ( 39192) map[0m
[0;32mI (118) esp_image: segment 1: paddr=00019940 vaddr=3ff80000 size=00004h (     4) load[0m
[0;32mI (119) esp_image: segment 2: paddr=0001994c vaddr=3ffb0000 size=02100h (  8448) load[0m
[0;32mI (128) esp_image: segment 3: paddr=0001ba54 vaddr=40080000 size=045c4h ( 17860) load[0m
[0;32mI (140) esp_image: segment 4: paddr=00020020 vaddr=400d0020 size=14bd4h ( 84948) map[0m
[0;32mI (172) esp_image: segment 5: paddr=00034bfc vaddr=400845c4 size=07b44h ( 31556) load[0m
[0;32mI (191) boot: Loaded app from partition at offset 0x10000[0m
[0;32mI (191) boot: Disabling RNG early entropy source...[0m
[0;32mI (203) cpu_start: Multicore app[0m
[0;32mI (203) cpu_start: Pro cpu up.[0m
[0;32mI (203) cpu_start: Starting app cpu, entry point is 0x400810f8[0m
[0;32mI (0) cpu_start: App cpu up.[0m
[0;32mI (221) cpu_start: Pro cpu start user code[0m
[0;32mI (221) cpu_start: cpu freq: 160000000 Hz[0m
[0;32mI (221) cpu_start: Application information:[0m
[0;32mI (226) cpu_start: Project name:     pipelined-sample-transmit[0m
[0;32mI (232) cpu_start: App version:      87325c4-dirty[0m
[0;32mI (238) cpu_start: Compile time:     Mar 26 2026 15:21:06[0m
[0;32mI (244) cpu_start: ELF file SHA256:  53891834f231998e...[0m
[0;32mI (250) cpu_start: ESP-IDF:          v5.1.2[0m
[0;32mI (255) cpu_start: Min chip rev:     v0.0[0m
[0;32mI (260) cpu_start: Max chip rev:     v3.99 [0m
[0;32mI (264) cpu_start: Chip rev:         v3.1[0m
[0;32mI (269) heap_init: Initializing. RAM available for dynamic allocation:[0m
[0;32mI (277) heap_init: At 3FFAE6E0 len 00001920 (6 KiB): DRAM[0m
[0;32mI (282) heap_init: At 3FFB29A0 len 0002D660 (181 KiB): DRAM[0m
[0;32mI (289) heap_init: At 3FFE0440 len 00003AE0 (14 KiB): D/IRAM[0m
[0;32mI (295) heap_init: At 3FFE4350 len 0001BCB0 (111 KiB): D/IRAM[0m
[0;32mI (301) heap_init: At 4008C108 len 00013EF8 (79 KiB): IRAM[0m
[0;32mI (309) spi_flash: detected chip: generic[0m
[0;32mI (312) spi_flash: flash io: dio[0m
[0;33mW (316) spi_flash: Detected size(8192k) larger than the size in the binary image header(2048k). Using the size in the binary image header.[0m
[0;32mI (330) app_start: Starting scheduler on CPU0[0m
[0;32mI (334) app_start: Starting scheduler on CPU1[0m
[0;32mI (334) main_task: Started on CPU0[0m
[0;32mI (344) main_task: Calling app_main()[0m
[0;32mI (344) main_task: Returned from app_main()[0m
2105
2105
2101
2099
2103
2103
2101
2101
2097
2101
2102
2100
2098
2103
2102
2096
2102
2099
2103
2102
2102
2101
2101
2098
2102
2102
2101
2102
2102
2103
2099
2101
2102
2099
2098
2102
2099
2099
2101
2097
2099
2101
2105
2103
2101
2098
2103
2102
2101
2098
2102
2101
2105
2103
2107
2100
2106
2099
2105
2103
2109
2102
2100
2103
2099
2097
2104
2103
2107
2101
2101
2100
2103
2106
2100
2098
2097
2102
2106
2101
2103
2118
2103
2101
2101
2103
2102
2098
2103
2103
2102
2102
2098
2099
2103
2103
2103
2101
2099
2105
2103
2101
2100
2098
2101
2102
2101
2101
2104
2107
2103
2112
2103
2097
2099
2103
2101
2112
2101
2103
2103
2096
2102
2098
2103
2098
2099
2098
2102
2097
2103
2101
2103
2099
2098
2098
2103
2099
2103
2103
2100
2085
2099
2103
2098
2106
2095
2097
2099
2101
2102
2101
2101
2105
2103
2099
2103
2102
2101
2102
2101
2100
2103
2103
2102
2103
2101
2106
2098
2098
2096
2102
2103
2102
2105
2099
2102
2103
2102
2102
2099
2101
2101
2103
2097
2100
2105
2101
2102
2103
2105
2100
2102
2100
2102
2104
2105
2105
2101
2096
2100
2097
2098
2099
2091
2101
2099
2099
2098
2099
2099
2101
2099
2099
2103
2099
2100
2098
2102
2099
2107
2099
2104
2099
2101
2097
2101
2107
2101
2096
2097
2099
2110
2099
2099
2099
2099
2101
2101
2099
2098
2096
2099
2098
2096
2104
2099
2099
2102
2098
2097
2099
2103
2099
2096
2098
2096
2098
2098
2101
2101
2098
2099
2102
2101
2102
2100
2102
2102
2101
2098
2098
2101
2101
2101
2099
2107
2099
2101
2097
2106
2111
2095
2101
2101
2101
2096
2098
2102
2102
2099
2099
2101
2099
2099
2099
2101
2100
2097
2099
2103
2099
2098
2101
2099
2102
2098
2101
2099
2099
2101
2100
2098
2098
2099
2100
2102
2097
2099
2099
2099
2099
2101
2098
2103
2103
2102
2100
2103
2102
2097
2099
2101
2101
2114
2098
2101
2101
2101
2102
2102
2103
2102
2101
2099
2101
2099
2098
2105
2099
2097
2098
2107
2099
2103
2102
2102
2103
2103
2102
2099
2102
2102
2099
2099
2099
2101
2099
2099
2099
2099
2103
2102
2103
2101
2102
2099
2105
2106
2097
2103
2101
2102
2102
2102
2107
2100
2103
2102
2104
2101
2099
2107
2099
2098
2099
2105
2098
2103
2099
2102
2095
2102
2099
2102
2101
2098
2099
2102
2103
2102
2101
2101
2102
2102
2105
2103
2102
2102
2101
2099
2098
2099
2098
2112
2098
2101
2101
2101
2101
2102
2100
2102
2102
2101
2101
2100
2098
2102
2101
2098
2096
2102
2102
2099
2102
2097
2101
2099
2100
2101
2099
2100
2101
2099
2099
2100
2101
2097
2100
2103
2097
2098
2099
2097
2099
2109
2101
2096
2100
2107
2097
2098
2101
2101
2099
2101
2101
2098
2098
2103
2099
2099
2101
2098
2098
2098
2103
2099
2096
2102
2096
2101
2101
2099
2101
2101
2101
2101
2099
2099
2102
2097
2101
2100
2098
2099
2097
2098
2097
2098
2103
2099
2099
2106
2103
2100
2096
2096
2100
2099
2098
2097
2099
2101
2097
2097
2100
2099
2102
2098
2100
2102
2096
2101
2099
2098
2099
2098
2099
2101
2098
2098
2099
2101
2100
2098
2101
2101
2102
2096
2101
2099
2099
2098
2100
2101
2100
2097
2099
2102
2102
2103
2098
2098
2099
2097
2098
2096
2097
2100
2099
2096
2101
2096
2099
2098
2100
2098
2099
2102
2098
2097
2099
2101
2100
2098
2100
2099
2101
2099
2098
2098
2097
2099
2100
2100
2103
2110
2102
2098
2098
2097
2087
2107
2096
2099
2101
2098
2097
2103
2099
2100
2098
2082
2098
2103
2101
2098
2101
2103
2102
2102
2099
2099
2099
2101
2096
2097
2100
2099
2098
2103
2099
2101
2099
2101
2099
2101
2099
2102
2098
2099
2102
2099
2103
2101
2097
2099
2099
2097
2103
2102
2099
2096
2112
2101
2100
2098
2101
2101
2101
2097
2101
2099
2103
2102
2099
2102
2100
2100
2102
2099
2099
2100
2099
2099
2103
2103
2103
2099
2101
2102
2100
2101
2098
2103
2101
2101
2100
2100
2106
2098
2099
2098
2101
2097
2103
2099
2102
2097
2098
2101
2100
2100
2101
2102
2099
2099
2101
2101
2097
2099
2099
2102
2101
2101
2101
2099
2103
2101
2101
2101
2101
2101
2099
2101
2105
2101
2100
2101
2102
2102
2101
2105
2106
2106
2103
2100
2101
2101
2099
2103
2101
2100
2101
2101
2102
2101
2101
2103
2103
2099
2099
2102
2103
2102
2099
2102
2102
2103
2101
2099
2101
2098
2099
2103
2104
2101
2103
2102
2101
2102
2103
2100
2100
2103
2099
2101
2101
2103
2101
2099
2103
2103
2102
2105
2101
2100
2101
2103
2101
2102
2105
2103
2100
2101
2102
2104
2103
2103
2102
2101
2102
2099
2101
2101
2101
2103
2098
2099
2098
2098
2101
2103
2100
2103
2102
2102
2102
2107
2106
2101
